# Label-style UI test queries that existed when scripts/lint-ui-tests was added.
# file <tab> count <tab> query. Don't edit by hand; shrink it with scripts/lint-ui-tests --update-baseline.
KyoUITests/HabitsSheetUITests.swift	1	buttons["Add an item"]
KyoUITests/HabitsSheetUITests.swift	1	buttons["Add habit"]
KyoUITests/HabitsSheetUITests.swift	1	buttons["Delete habit"]
KyoUITests/HabitsSheetUITests.swift	1	buttons["Elsewhere"]
KyoUITests/HabitsSheetUITests.swift	1	buttons["Every day"]
KyoUITests/HabitsSheetUITests.swift	1	buttons["Habit"]
KyoUITests/HabitsSheetUITests.swift	1	buttons["Habits"]
KyoUITests/HabitsSheetUITests.swift	1	buttons["Reorder Elsewhere"]
KyoUITests/HabitsSheetUITests.swift	1	buttons["Reorder Journal daily"]
KyoUITests/HabitsSheetUITests.swift	1	buttons["Save"]
KyoUITests/HabitsSheetUITests.swift	1	buttons["Settings"]
KyoUITests/HabitsSheetUITests.swift	1	buttons["Stretch"]
KyoUITests/HabitsSheetUITests.swift	1	buttons["Weekdays"]
KyoUITests/HabitsSheetUITests.swift	1	buttons["Weekly target"]
KyoUITests/HabitsSheetUITests.swift	1	matching(identifier: "Done")
KyoUITests/HabitsSheetUITests.swift	1	navigationBars["New Habit"]
KyoUITests/HabitsSheetUITests.swift	1	switches["Show schedule"]
KyoUITests/HabitsSheetUITests.swift	2	buttons["Delete habit: Stretch"]
KyoUITests/HabitsSheetUITests.swift	2	buttons["Edit"]
KyoUITests/HabitsSheetUITests.swift	2	buttons["Reorder Stretch"]
KyoUITests/HabitsSheetUITests.swift	2	staticTexts["Delete this habit?"]
KyoUITests/HabitsSheetUITests.swift	3	navigationBars["Edit Habit"]
KyoUITests/HabitsSheetUITests.swift	3	navigationBars["Settings"]
KyoUITests/HabitsSheetUITests.swift	3	textFields["Habit name"]
KyoUITests/HabitsSheetUITests.swift	4	buttons["Delete habit and log"]
KyoUITests/HabitsSheetUITests.swift	4	buttons["Done"]
KyoUITests/HabitsSheetUITests.swift	8	navigationBars["Habits"]
KyoUITests/MemoUITests.swift	1	buttons["Add another"]
KyoUITests/MemoUITests.swift	1	buttons["Add to Today (1)"]
KyoUITests/MemoUITests.swift	1	buttons["Book the trail"]
KyoUITests/MemoUITests.swift	1	buttons["Close memo"]
KyoUITests/MemoUITests.swift	1	buttons["Delete memo"]
KyoUITests/MemoUITests.swift	1	buttons["Done"]
KyoUITests/MemoUITests.swift	1	buttons["Memo → Task"]
KyoUITests/MemoUITests.swift	1	buttons["Memos, 1 memo"]
KyoUITests/MemoUITests.swift	1	buttons["Share"]
KyoUITests/MemoUITests.swift	1	buttons["Voice memo"]
KyoUITests/MemoUITests.swift	1	navigationBars["Memos"]
KyoUITests/MemoUITests.swift	1	staticTexts["Added"]
KyoUITests/MemoUITests.swift	1	staticTexts["No memos match \u{201C}trailx\u{201D}"]
KyoUITests/MemoUITests.swift	1	staticTexts["No suggestions"]
KyoUITests/MemoUITests.swift	1	staticTexts["Today"]
KyoUITests/MemoUITests.swift	1	textFields["Task"]
KyoUITests/MemoUITests.swift	2	buttons["Add an item"]
KyoUITests/MemoUITests.swift	2	buttons["Add to Today (0)"]
KyoUITests/MemoUITests.swift	2	buttons["Delete"]
KyoUITests/MemoUITests.swift	2	buttons["Memos, Notes & voice"]
KyoUITests/MemoUITests.swift	2	buttons["Save"]
KyoUITests/MemoUITests.swift	2	navigationBars["Memo → Task"]
KyoUITests/MemoUITests.swift	3	buttons["Written memo"]
KyoUITests/MemoUITests.swift	3	staticTexts["Tap + to add a memo"]
KyoUITests/MemoUITests.swift	3	textFields["Memo text"]
KyoUITests/ScheduleCalendarsUITests.swift	1	buttons["Schedule, 5 events"]
KyoUITests/ScheduleCalendarsUITests.swift	1	navigationBars["Calendars"]
KyoUITests/ScheduleCalendarsUITests.swift	1	navigationBars["Settings"]
KyoUITests/ScheduleCalendarsUITests.swift	1	staticTexts["Subscribed"]
KyoUITests/ScheduleCalendarsUITests.swift	1	staticTexts["iCloud"]
KyoUITests/ScheduleCalendarsUITests.swift	2	buttons["Done"]
KyoUITests/ScheduleCalendarsUITests.swift	2	buttons["Schedule, 2 events"]
KyoUITests/ScheduleCalendarsUITests.swift	2	switches["Show schedule"]
KyoUITests/ScheduleCalendarsUITests.swift	3	buttons["Calendars"]
KyoUITests/ScheduleCalendarsUITests.swift	3	buttons["Settings"]
KyoUITests/ScheduleEventDetailUITests.swift	1	buttons["Done"]
KyoUITests/ScheduleEventDetailUITests.swift	1	buttons["Holiday, Holidays calendar"]
KyoUITests/ScheduleEventDetailUITests.swift	1	buttons["Sam's birthday, Personal calendar"]
KyoUITests/ScheduleUITests.swift	1	buttons["Calendars"]
KyoUITests/ScheduleUITests.swift	1	buttons["Open Settings"]
KyoUITests/ScheduleUITests.swift	1	buttons["Schedule, 5 events"]
KyoUITests/ScheduleUITests.swift	1	buttons["Schedule, Calendar"]
KyoUITests/ScheduleUITests.swift	1	navigationBars["Calendars"]
KyoUITests/ScheduleUITests.swift	1	navigationBars["Settings"]
KyoUITests/ScheduleUITests.swift	1	staticTexts["Nothing scheduled"]
KyoUITests/ScheduleUITests.swift	1	staticTexts["iCloud"]
KyoUITests/ScheduleUITests.swift	2	buttons["Done"]
KyoUITests/ScheduleUITests.swift	2	buttons["Hide schedule"]
KyoUITests/ScheduleUITests.swift	2	staticTexts["See today's events"]
KyoUITests/ScheduleUITests.swift	2	switches["Show schedule"]
KyoUITests/ScheduleUITests.swift	3	buttons["Connect"]
KyoUITests/ScheduleUITests.swift	3	buttons["Settings"]
KyoUITests/ScheduleUITests.swift	3	staticTexts["Calendar access is off"]
KyoUITests/SectionCollapseUITests.swift	1	buttons["Done"]
KyoUITests/SectionCollapseUITests.swift	1	buttons["Habit"]
KyoUITests/SectionCollapseUITests.swift	1	buttons["Half-written and done"]
KyoUITests/SectionCollapseUITests.swift	1	buttons["Written memo"]
KyoUITests/SectionCollapseUITests.swift	1	textFields["Habit name"]
KyoUITests/SectionCollapseUITests.swift	1	textFields["Memo text"]
KyoUITests/SectionCollapseUITests.swift	2	buttons["Save"]
KyoUITests/SectionCollapseUITests.swift	2	buttons["Stretch"]
KyoUITests/SectionCollapseUITests.swift	2	buttons["Water the plants"]
KyoUITests/SectionCollapseUITests.swift	2	staticTexts["Tap + to add a memo"]
KyoUITests/SectionCollapseUITests.swift	2	textFields["New task"]
KyoUITests/SectionCollapseUITests.swift	3	buttons["Task"]
KyoUITests/SectionCollapseUITests.swift	3	navigationBars["Habits"]
KyoUITests/SectionCollapseUITests.swift	3	navigationBars["Memos"]
KyoUITests/SectionCollapseUITests.swift	3	staticTexts["No habits yet"]
KyoUITests/SectionCollapseUITests.swift	3	staticTexts["No tasks yet"]
KyoUITests/SectionCollapseUITests.swift	5	buttons["Add an item"]
KyoUITests/TaskCheckboxUITests.swift	1	buttons["Cancel"]
KyoUITests/TaskCheckboxUITests.swift	1	buttons["Delete task: \(renamed)"]
KyoUITests/TaskCheckboxUITests.swift	1	buttons["Delete"]
KyoUITests/TaskCheckboxUITests.swift	1	buttons["Edit habit: Stretch more"]
KyoUITests/TaskCheckboxUITests.swift	1	buttons["Edit habit: Stretch"]
KyoUITests/TaskCheckboxUITests.swift	1	buttons["Edit task: \(first)"]
KyoUITests/TaskCheckboxUITests.swift	1	buttons["Edit task: \(renamed)"]
KyoUITests/TaskCheckboxUITests.swift	1	buttons["Edit task: \(title)"]
KyoUITests/TaskCheckboxUITests.swift	1	buttons["Elsewhere"]
KyoUITests/TaskCheckboxUITests.swift	1	buttons["Habit"]
KyoUITests/TaskCheckboxUITests.swift	1	buttons["Share"]
KyoUITests/TaskCheckboxUITests.swift	1	buttons["Task"]
KyoUITests/TaskCheckboxUITests.swift	1	descendants(matching: .any)["summary-Habits done"]
KyoUITests/TaskCheckboxUITests.swift	1	navigationBars["Edit Habit"]
KyoUITests/TaskCheckboxUITests.swift	1	otherElements["ActivityListView"]
KyoUITests/TaskCheckboxUITests.swift	1	otherElements["PopoverDismissRegion"]
KyoUITests/TaskCheckboxUITests.swift	1	staticTexts["Delete this habit?"]
KyoUITests/TaskCheckboxUITests.swift	1	textFields["New task"]
KyoUITests/TaskCheckboxUITests.swift	1	textFields["task-editor:\(first)"]
KyoUITests/TaskCheckboxUITests.swift	2	buttons["Add an item"]
KyoUITests/TaskCheckboxUITests.swift	2	buttons["Delete habit and log"]
KyoUITests/TaskCheckboxUITests.swift	2	buttons["Today only"]
KyoUITests/TaskCheckboxUITests.swift	2	buttons["Weekdays"]
KyoUITests/TaskCheckboxUITests.swift	2	staticTexts["No habits yet"]
KyoUITests/TaskCheckboxUITests.swift	2	staticTexts["Nothing due today"]
KyoUITests/TaskCheckboxUITests.swift	2	textFields["Habit name"]
KyoUITests/TaskCheckboxUITests.swift	3	buttons["Delete habit"]
KyoUITests/TaskCheckboxUITests.swift	4	buttons["Save"]
KyoUITests/TaskCheckboxUITests.swift	4	buttons["Stretch more"]
KyoUITests/TaskCheckboxUITests.swift	5	buttons["Stretch"]
KyoUITests/WatchSyncSmokeUITests.swift	1	buttons["Delete habit and log"]
KyoUITests/WatchSyncSmokeUITests.swift	1	buttons["Delete habit"]
KyoUITests/WatchSyncSmokeUITests.swift	1	buttons["Delete task: \(title)"]
KyoUITests/WatchSyncSmokeUITests.swift	1	buttons["Edit habit: \(name)"]
KyoUITests/WatchSyncSmokeUITests.swift	1	buttons["Edit task: \(title)"]
KyoUITests/WatchSyncSmokeUITests.swift	1	buttons["Edit task: \(titleC)"]
KyoUITests/WatchSyncSmokeUITests.swift	1	buttons["Habit"]
KyoUITests/WatchSyncSmokeUITests.swift	1	buttons["Save"]
KyoUITests/WatchSyncSmokeUITests.swift	1	buttons["Task"]
KyoUITests/WatchSyncSmokeUITests.swift	1	textFields["Habit name"]
KyoUITests/WatchSyncSmokeUITests.swift	1	textFields["New task"]
KyoUITests/WatchSyncSmokeUITests.swift	1	textFields["task-editor:\(titleC)"]
KyoUITests/WatchSyncSmokeUITests.swift	2	buttons["Add an item"]
KyoWatchUITests/WatchSectionCollapseUITests.swift	1	staticTexts["No tasks yet"]
